20:09:36 round 1 mt-2k fp16 mtplx-upstream attempt 1
20:10:43   runner exited 1
20:10:43   canary 27.68428251814063 ref None slow=False
20:12:13 round 1 mt-2k fp16 omlx attempt 1
20:13:49   canary 24.811125710887417 ref None slow=False
20:15:19 round 1 mt-2k fp16 mtplx-fork attempt 1
20:16:27   canary 26.633774305051265 ref None slow=False
20:17:57 round 1 mt-2k q8 mtplx-upstream attempt 1
20:19:05   canary 24.43736024526154 ref None slow=False
20:20:35 round 1 mt-2k q8 omlx attempt 1
20:22:15   canary 21.855962281800785 ref None slow=False
20:23:45 round 1 mt-2k q8 mtplx-fork attempt 1
20:24:49   canary 27.42416678035391 ref None slow=False
20:26:19 round 1 mt-8k q8 mtplx-upstream attempt 1
20:28:13   canary 24.296060506069402 ref 24.43736024526154 slow=False
20:29:43 round 1 mt-8k q8 omlx attempt 1
20:32:15   canary 21.908851058504016 ref 21.855962281800785 slow=False
20:33:45 round 1 mt-8k q8 mtplx-fork attempt 1
20:35:33   canary 27.596515690112916 ref 27.42416678035391 slow=False
20:37:03 round 1 mt-32k q8 mtplx-upstream attempt 1
20:42:29   canary 24.663460886162103 ref 24.43736024526154 slow=False
20:43:59 round 1 mt-32k q8 omlx attempt 1
20:50:28   canary 21.965873939361362 ref 21.908851058504016 slow=False
20:51:58 round 1 mt-32k q8 mtplx-fork attempt 1
20:57:04   canary 27.562088262703757 ref 27.596515690112916 slow=False
20:58:34 round 1 mt-64k q8 mtplx-upstream attempt 1
21:10:07   canary 24.61954046302538 ref 24.663460886162103 slow=False
21:11:37 round 1 mt-64k q8 omlx attempt 1
21:24:30   canary 21.928058344064212 ref 21.965873939361362 slow=False
21:26:00 round 1 mt-64k q8 mtplx-fork attempt 1
21:36:46   canary 27.50499906114026 ref 27.596515690112916 slow=False
21:38:16 round 2 mt-2k fp16 mtplx-fork attempt 1
21:39:25   canary 27.07841709708689 ref 26.633774305051265 slow=False
21:40:55 round 2 mt-2k fp16 omlx attempt 1
21:42:32   canary 23.97931548028554 ref 24.811125710887417 slow=True
21:44:02   canary slow: resting 300 s and re-running once
21:49:02 round 2 mt-2k fp16 omlx attempt 2
21:50:38   canary 24.563533094810907 ref 24.811125710887417 slow=False
21:52:08 round 2 mt-2k fp16 mtplx-upstream attempt 1
21:53:16   canary 26.963584804921805 ref 27.68428251814063 slow=False
21:54:46 round 2 mt-2k q8 mtplx-fork attempt 1
21:55:52   canary 27.551305587970916 ref 27.596515690112916 slow=False
21:57:22 round 2 mt-2k q8 omlx attempt 1
21:59:01   canary 21.82060707634967 ref 21.965873939361362 slow=False
22:00:31 round 2 mt-2k q8 mtplx-upstream attempt 1
22:01:41   canary 24.534781148963724 ref 24.663460886162103 slow=False
22:03:11 round 2 mt-8k q8 mtplx-fork attempt 1
22:05:00   canary 27.41666278986087 ref 27.596515690112916 slow=False
22:06:30 round 2 mt-8k q8 omlx attempt 1
22:09:04   canary 21.878905255325513 ref 21.965873939361362 slow=False
22:10:34 round 2 mt-8k q8 mtplx-upstream attempt 1
22:12:27   canary 24.520881836664188 ref 24.663460886162103 slow=False
22:13:57 round 2 mt-32k q8 mtplx-fork attempt 1
22:19:07   canary 27.461166012111054 ref 27.596515690112916 slow=False
22:20:37 round 2 mt-32k q8 omlx attempt 1
22:27:08   canary 22.09854657141423 ref 21.965873939361362 slow=False
22:28:38 round 2 mt-32k q8 mtplx-upstream attempt 1
22:34:11   canary 24.665175702158074 ref 24.663460886162103 slow=False
22:35:41 round 2 mt-64k q8 mtplx-fork attempt 1
22:46:29   canary 27.57983774687094 ref 27.596515690112916 slow=False
22:47:59 round 2 mt-64k q8 omlx attempt 1
23:00:55   canary 21.89424543337461 ref 22.09854657141423 slow=False
23:02:25 round 2 mt-64k q8 mtplx-upstream attempt 1
23:14:23   canary 24.501221486386886 ref 24.665175702158074 slow=False
23:15:53 plan done
00:14:23 round 1 mt-128k q8 mtplx-upstream attempt 1
00:47:57   canary 24.053730161696837 ref None slow=False
00:49:57 round 1 mt-128k q8 omlx attempt 1
01:20:05   canary 21.035894981537925 ref None slow=False
01:22:05 round 1 mt-128k q8 mtplx-fork attempt 1
01:48:18   canary 27.131733537246582 ref None slow=False
01:50:18 plan done
04:10:24 round 1 mt-2k fp16 splash-m1 attempt 1
04:11:51   canary 28.77854941661664 ref None slow=False
04:13:21 round 1 mt-2k q8 splash-m1 attempt 1
04:14:44   canary 28.991570180035648 ref None slow=False
04:16:14 round 1 mt-8k q8 splash-m1 attempt 1
04:18:31   canary 28.51385133094022 ref 28.991570180035648 slow=False
04:20:01 round 1 mt-32k q8 splash-m1 attempt 1
04:26:26   canary 29.037046927774792 ref 28.991570180035648 slow=False
04:27:56 round 1 mt-64k q8 splash-m1 attempt 1
04:42:20   canary 28.33483324297994 ref 29.037046927774792 slow=False
04:43:50 round 2 mt-2k fp16 splash-m1 attempt 1
04:45:12   canary 28.857594029481138 ref 28.77854941661664 slow=False
04:46:42 round 2 mt-2k q8 splash-m1 attempt 1
04:48:06   canary 28.585805340779537 ref 29.037046927774792 slow=False
04:49:36 round 2 mt-8k q8 splash-m1 attempt 1
04:51:47   canary 29.164470361160454 ref 29.037046927774792 slow=False
04:53:17 round 2 mt-32k q8 splash-m1 attempt 1
04:59:40   canary 28.547839141861086 ref 29.164470361160454 slow=False
05:01:10 round 2 mt-64k q8 splash-m1 attempt 1
05:15:34   canary 28.314020997141974 ref 29.164470361160454 slow=False
05:17:04 plan done
05:22:04 round 1 mt-128k q8 splash-m1 attempt 1
05:45:53   canary 28.92404872915863 ref None slow=False
05:47:53 plan done
10:05:42 round 1 mt-2k fp16 mtplx-fork attempt 1
10:06:53   canary 27.82059331785878 ref None slow=False
10:08:23 round 1 mt-2k q8 mtplx-fork attempt 1
10:09:26   canary 28.732251073555002 ref None slow=False
10:10:56 round 1 mt-8k q8 mtplx-fork attempt 1
10:12:48   canary 27.804809221681328 ref 28.732251073555002 slow=True
10:14:19   canary slow: resting 300 s and re-running once
10:19:19 round 1 mt-8k q8 mtplx-fork attempt 2
10:21:07   canary 28.49170653949249 ref 28.732251073555002 slow=False
10:22:37 round 1 mt-32k q8 mtplx-fork attempt 1
10:27:47   canary 28.585909099656956 ref 28.732251073555002 slow=False
10:29:17 round 1 mt-64k q8 mtplx-fork attempt 1
10:40:25   canary 28.815278268996344 ref 28.732251073555002 slow=False
10:41:55 round 2 mt-2k fp16 mtplx-fork attempt 1
10:43:05   canary 28.493579771659263 ref 27.82059331785878 slow=False
10:44:35 round 2 mt-2k q8 mtplx-fork attempt 1
10:45:40   canary 28.419100008870807 ref 28.815278268996344 slow=False
10:47:10 round 2 mt-8k q8 mtplx-fork attempt 1
10:49:03   canary 28.585832692706415 ref 28.815278268996344 slow=False
10:50:33 round 2 mt-32k q8 mtplx-fork attempt 1
10:55:38   canary 28.55283550442943 ref 28.815278268996344 slow=False
10:57:08 round 2 mt-64k q8 mtplx-fork attempt 1
11:07:51   canary 28.57307631548377 ref 28.815278268996344 slow=False
11:09:21 plan done
11:14:21 round 1 mt-128k q8 mtplx-fork attempt 1
11:40:21   canary 28.56410493407834 ref None slow=False
11:42:21 plan done
11:57:32 round 1 mt-2k q8 splash-src attempt 1
11:58:57   canary 29.29817913262587 ref None slow=False
12:00:27 round 1 mt-8k q8 splash-src attempt 1
12:02:39   canary 29.728851806287675 ref 29.29817913262587 slow=False
12:04:09 round 1 mt-32k q8 splash-src attempt 1
12:10:23   canary 29.509211564628494 ref 29.728851806287675 slow=False
12:11:53 round 1 mt-64k q8 splash-src attempt 1
12:25:41   canary 29.50266463616725 ref 29.728851806287675 slow=False
12:27:11 round 1 mt-128k q8 splash-src attempt 1
13:03:20   canary 29.277757204106017 ref 29.728851806287675 slow=False
13:04:50 plan done
18:59:30 round 1 mt-2k fp16 mtplx-fork attempt 1
19:00:28 round 1 mt-2k fp16 mtplx-fork attempt 1
19:01:39   canary 27.821793199445594 ref None slow=False
19:03:09 round 1 mt-2k q8 mtplx-fork attempt 1
19:04:12   canary 28.15870582459329 ref None slow=False
19:05:42 round 1 mt-8k q8 mtplx-fork attempt 1
19:07:31   canary 28.376165809864588 ref 28.15870582459329 slow=False
19:09:01 round 1 mt-32k q8 mtplx-fork attempt 1
19:14:14   canary 28.107818715416514 ref 28.376165809864588 slow=False
19:15:44 round 1 mt-64k q8 mtplx-fork attempt 1
19:26:36   canary 28.362958959692325 ref 28.376165809864588 slow=False
19:28:06 round 2 mt-2k fp16 mtplx-fork attempt 1
19:29:16   canary 27.875566832964143 ref 27.821793199445594 slow=False
19:30:46 round 2 mt-2k q8 mtplx-fork attempt 1
19:31:50   canary 28.271912722327205 ref 28.376165809864588 slow=False
19:33:20 round 2 mt-8k q8 mtplx-fork attempt 1
19:35:09   canary 28.114869497792508 ref 28.376165809864588 slow=False
19:36:39 round 2 mt-32k q8 mtplx-fork attempt 1
19:41:52   canary 28.35508680536183 ref 28.376165809864588 slow=False
19:43:22 round 2 mt-64k q8 mtplx-fork attempt 1
19:54:15   canary 28.116526731343072 ref 28.376165809864588 slow=False
19:55:45 plan done
20:00:45 round 1 mt-128k q8 mtplx-fork attempt 1
20:27:08   canary 28.349774155940512 ref None slow=False
20:29:08 plan done
07:35:28 round 1 mt-2k fp16 mtplx-fork attempt 1
07:36:33   canary 29.653786785934667 ref None slow=False
07:38:03 round 1 mt-2k q8 mtplx-fork attempt 1
07:39:05   canary 30.003156826095996 ref None slow=False
07:40:35 round 1 mt-8k q8 mtplx-fork attempt 1
07:42:23   canary 29.929574767573428 ref 30.003156826095996 slow=False
07:43:53 round 1 mt-32k q8 mtplx-fork attempt 1
07:49:07   canary 29.79626597625734 ref 30.003156826095996 slow=False
07:50:37 round 1 mt-64k q8 mtplx-fork attempt 1
08:01:42   canary 30.004235440582057 ref 30.003156826095996 slow=False
08:03:12 round 2 mt-2k fp16 mtplx-fork attempt 1
08:04:19   canary 28.838056790972384 ref 29.653786785934667 slow=False
08:05:49 round 2 mt-2k q8 mtplx-fork attempt 1
08:06:52   canary 30.038319557697072 ref 30.004235440582057 slow=False
08:08:22 round 2 mt-8k q8 mtplx-fork attempt 1
08:10:11   canary 29.738499366628055 ref 30.038319557697072 slow=False
08:11:41 round 2 mt-32k q8 mtplx-fork attempt 1
08:16:57   canary 30.22184649826242 ref 30.038319557697072 slow=False
08:18:27 round 2 mt-64k q8 mtplx-fork attempt 1
08:29:28   canary 29.611161439164455 ref 30.22184649826242 slow=False
08:30:58 plan done
08:35:58 round 1 mt-128k q8 mtplx-fork attempt 1
09:02:53   canary 30.166006863432468 ref None slow=False
09:04:53 plan done
12:36:21 round 1 mt-2k fp16 mtplx-fork attempt 1
12:37:32   canary 31.172412219064945 ref None slow=False
12:39:02 round 1 mt-2k q8 mtplx-fork attempt 1
12:40:08   canary 32.06792811788391 ref None slow=False
12:41:38 round 1 mt-8k q8 mtplx-fork attempt 1
12:43:40   canary 31.35979916822535 ref 32.06792811788391 slow=False
12:45:10 round 1 mt-32k q8 mtplx-fork attempt 1
12:56:16   canary 32.03739108052566 ref 32.06792811788391 slow=False
12:57:46 round 1 mt-64k q8 mtplx-fork attempt 1
08:40:11 round 1 mt-2k fp16 mtplx-fork attempt 1
08:41:22   canary 31.57415759619223 ref None slow=False
08:42:52 round 1 mt-2k q8 mtplx-fork attempt 1
08:43:52   canary 32.736502572568874 ref None slow=False
08:45:22 round 1 mt-8k q8 mtplx-fork attempt 1
08:47:25   canary 30.822412345696886 ref 32.736502572568874 slow=True
08:48:55   canary slow: resting 300 s and re-running once
08:53:55 round 1 mt-8k q8 mtplx-fork attempt 2
08:55:56   canary 31.07048841829261 ref 32.736502572568874 slow=True
08:57:26   canary slow: resting 300 s and re-running once
09:02:26 round 1 mt-32k q8 mtplx-fork attempt 1
09:07:30   canary 32.7048960935519 ref 32.736502572568874 slow=False
09:09:00 round 1 mt-64k q8 mtplx-fork attempt 1
09:19:46   canary 32.75477279137415 ref 32.736502572568874 slow=False
09:21:16 round 2 mt-2k fp16 mtplx-fork attempt 1
09:22:22   canary 31.99735085718899 ref 31.57415759619223 slow=False
09:23:52 round 2 mt-2k q8 mtplx-fork attempt 1
09:24:52   canary 32.76229202649575 ref 32.75477279137415 slow=False
09:26:22 round 2 mt-8k q8 mtplx-fork attempt 1
09:28:07   canary 32.761377162370174 ref 32.76229202649575 slow=False
09:29:37 round 2 mt-32k q8 mtplx-fork attempt 1
09:34:46   canary 32.705400022488355 ref 32.76229202649575 slow=False
09:36:16 round 2 mt-64k q8 mtplx-fork attempt 1
09:47:02   canary 32.79866804991123 ref 32.76229202649575 slow=False
09:48:32 plan done
09:53:32 round 1 mt-128k q8 mtplx-fork attempt 1
10:19:22   canary 32.77278749008601 ref None slow=False
10:21:22 plan done
10:34:07 round 1 mt-2k fp16 splash-m1-110 attempt 1
10:35:43   canary 28.829658861230346 ref None slow=False
10:37:13 round 1 mt-2k q8 splash-m1-110 attempt 1
10:38:36   canary 30.25596456925355 ref None slow=False
10:40:06 round 1 mt-8k q8 splash-m1-110 attempt 1
10:42:15   canary 30.268238562517176 ref 30.25596456925355 slow=False
10:43:45 round 1 mt-32k q8 splash-m1-110 attempt 1
10:49:36   canary 30.283796732059365 ref 30.268238562517176 slow=False
10:51:06 round 1 mt-64k q8 splash-m1-110 attempt 1
11:03:22   canary 30.276338939799704 ref 30.283796732059365 slow=False
11:04:52 round 2 mt-2k fp16 splash-m1-110 attempt 1
11:06:16   canary 29.043713991220272 ref 28.829658861230346 slow=False
11:07:46 round 2 mt-2k q8 splash-m1-110 attempt 1
11:09:10   canary 30.244240097170607 ref 30.283796732059365 slow=False
11:10:40 round 2 mt-8k q8 splash-m1-110 attempt 1
11:12:50   canary 30.280546278513434 ref 30.283796732059365 slow=False
11:14:20 round 2 mt-32k q8 splash-m1-110 attempt 1
11:20:10   canary 30.217410995779925 ref 30.283796732059365 slow=False
11:21:41 round 2 mt-64k q8 splash-m1-110 attempt 1
11:34:01   canary 29.576118904096774 ref 30.283796732059365 slow=False
11:35:31 plan done
11:40:31 round 1 mt-128k q8 splash-m1-110 attempt 1
12:10:44   canary 30.28676559447366 ref None slow=False
12:12:44 plan done
13:11:17 round 1 mt-2k bf16 tensorfold attempt 1
13:14:01   canary 28.345063006419117 ref None slow=False
13:15:31 round 1 mt-8k bf16 tensorfold attempt 1
13:19:13   canary 28.353683352555468 ref 28.345063006419117 slow=False
13:20:43 round 1 mt-32k bf16 tensorfold attempt 1
13:28:48   canary 28.1941394308458 ref 28.353683352555468 slow=False
13:30:18 round 1 mt-64k bf16 tensorfold attempt 1
13:45:21   canary 28.34339221426305 ref 28.353683352555468 slow=False
13:46:51 round 2 mt-2k bf16 tensorfold attempt 1
13:49:36   canary 28.382645327695485 ref 28.353683352555468 slow=False
13:51:06 round 2 mt-8k bf16 tensorfold attempt 1
13:54:48   canary 28.222698159296726 ref 28.382645327695485 slow=False
13:56:18 round 2 mt-32k bf16 tensorfold attempt 1
14:04:23   canary 28.28661015071116 ref 28.382645327695485 slow=False
14:05:53 round 2 mt-64k bf16 tensorfold attempt 1
14:20:56   canary 28.270236930838518 ref 28.382645327695485 slow=False
14:22:26 plan done
14:27:26 round 1 mt-128k bf16 tensorfold attempt 1
15:59:03   canary 28.41186752343149 ref None slow=False
16:01:04 plan done
01:30:00 round 1 mt-2k fp16 mtplx-fork attempt 1
01:31:11   canary 30.751390552104276 ref None slow=False
01:32:41 round 1 mt-2k fp16 mtplx-upstream attempt 1
01:33:49   canary 27.422115968553285 ref None slow=False
01:35:19 round 1 mt-2k fp16 mtplx-upstream-tuned attempt 1
01:36:21   canary 32.350762763180605 ref None slow=False
01:37:51 round 1 mt-2k q8 mtplx-fork attempt 1
01:38:54   canary 32.69948226914761 ref None slow=False
01:40:24 round 1 mt-2k q8 mtplx-upstream attempt 1
01:41:32   canary 24.32069401330017 ref None slow=False
01:43:02 round 1 mt-2k q8 mtplx-upstream-tuned attempt 1
01:44:10   canary 27.42527594917069 ref None slow=False
01:45:40 round 1 mt-8k q8 mtplx-fork attempt 1
01:47:26   canary 32.74163814466363 ref 32.69948226914761 slow=False
01:48:56 round 1 mt-8k q8 mtplx-upstream attempt 1
01:50:49   canary 24.33334012720693 ref 24.32069401330017 slow=False
01:52:19 round 1 mt-8k q8 mtplx-upstream-tuned attempt 1
01:54:07   canary 27.401369545412717 ref 27.42527594917069 slow=False
01:55:37 round 1 mt-32k q8 mtplx-fork attempt 1
02:00:45   canary 32.7365823832763 ref 32.74163814466363 slow=False
02:02:15 round 1 mt-32k q8 mtplx-upstream attempt 1
02:07:39   canary 23.995069295160544 ref 24.33334012720693 slow=False
02:09:09 round 1 mt-32k q8 mtplx-upstream-tuned attempt 1
02:15:28   canary 27.43945634496667 ref 27.42527594917069 slow=False
02:16:58 round 1 mt-64k q8 mtplx-fork attempt 1
02:29:07   canary 31.848346371865624 ref 32.74163814466363 slow=False
02:30:37 round 1 mt-64k q8 mtplx-upstream attempt 1
02:42:42   canary 24.738332677169357 ref 24.33334012720693 slow=False
02:44:12 round 1 mt-64k q8 mtplx-upstream-tuned attempt 1
02:58:54   canary 26.85146488671491 ref 27.43945634496667 slow=False
03:00:24 round 2 mt-2k fp16 mtplx-upstream-tuned attempt 1
03:01:31   canary 32.44483970093079 ref 32.350762763180605 slow=False
03:03:01 round 2 mt-2k fp16 mtplx-upstream attempt 1
03:04:10   canary 26.933046279890966 ref 27.422115968553285 slow=False
03:05:40 round 2 mt-2k fp16 mtplx-fork attempt 1
03:06:43   canary 31.861037044314834 ref 30.751390552104276 slow=False
03:08:13 round 2 mt-2k q8 mtplx-upstream-tuned attempt 1
03:09:20   canary 27.29008978647853 ref 27.43945634496667 slow=False
03:10:50 round 2 mt-2k q8 mtplx-upstream attempt 1
03:12:01   canary 24.298729924985683 ref 24.738332677169357 slow=False
03:13:31 round 2 mt-2k q8 mtplx-fork attempt 1
03:14:27   canary 32.4311114406374 ref 32.74163814466363 slow=False
03:15:57 round 2 mt-8k q8 mtplx-upstream-tuned attempt 1
03:17:47   canary 27.4039945151912 ref 27.43945634496667 slow=False
03:19:17 round 2 mt-8k q8 mtplx-upstream attempt 1
03:21:13   canary 24.2427273488216 ref 24.738332677169357 slow=False
03:22:43 round 2 mt-8k q8 mtplx-fork attempt 1
03:24:27   canary 32.624472821003486 ref 32.74163814466363 slow=False
03:25:57 round 2 mt-32k q8 mtplx-upstream-tuned attempt 1
03:31:28   canary 27.340466849099318 ref 27.43945634496667 slow=False
03:32:59 round 2 mt-32k q8 mtplx-upstream attempt 1
03:38:24   canary 24.216349440970767 ref 24.738332677169357 slow=False
03:39:54 round 2 mt-32k q8 mtplx-fork attempt 1
03:45:02   canary 32.634523405532846 ref 32.74163814466363 slow=False
03:46:32 round 2 mt-64k q8 mtplx-upstream-tuned attempt 1
03:58:33   canary 27.443210112243072 ref 27.43945634496667 slow=False
04:00:03 round 2 mt-64k q8 mtplx-upstream attempt 1
04:11:36   canary 24.292400741710697 ref 24.738332677169357 slow=False
04:13:06 round 2 mt-64k q8 mtplx-fork attempt 1
04:23:49   canary 32.62602858176685 ref 32.74163814466363 slow=False
04:25:19 plan done
04:30:19 round 1 mt-128k q8 mtplx-upstream attempt 1
05:01:22   canary 24.150110623779714 ref None slow=False
05:03:22 round 1 mt-128k q8 mtplx-upstream-tuned attempt 1
05:16:35   canary 27.427386223936022 ref None slow=False
05:18:35 round 1 mt-128k q8 mtplx-fork attempt 1
05:44:27   canary 32.691177285881444 ref None slow=False
05:46:27 plan done
09:06:40 round 1 mt-2k q8 mtplx-upstream-tuned-nobuf attempt 1
09:07:43   canary 27.325955428942905 ref None slow=False
09:09:13 round 1 mt-32k q8 mtplx-upstream-tuned-nobuf attempt 1
09:14:33   canary 27.18763140136037 ref 27.325955428942905 slow=False
09:16:03 round 1 mt-64k q8 mtplx-upstream-tuned-nobuf attempt 1
09:27:55   canary 27.357273883891178 ref 27.325955428942905 slow=False
09:29:25 round 2 mt-2k q8 mtplx-upstream-tuned-nobuf attempt 1
09:30:31   canary 27.108671781261563 ref 27.357273883891178 slow=False
09:32:01 round 2 mt-32k q8 mtplx-upstream-tuned-nobuf attempt 1
09:37:19   canary 27.45286805261116 ref 27.357273883891178 slow=False
09:38:49 round 2 mt-64k q8 mtplx-upstream-tuned-nobuf attempt 1
09:50:24   canary 27.37172149828802 ref 27.45286805261116 slow=False
09:51:54 plan done
09:57:45 round 1 mt-128k q8 mtplx-upstream-tuned-nobuf attempt 1
10:30:26   canary 27.75421017367926 ref None slow=False
10:32:26 plan done
10:32:43 round 1 mt-2k fp16 mtplx-upstream-tuned-nobuf attempt 1
10:33:52   canary 30.11078338318958 ref None slow=False
10:35:22 round 1 mt-8k q8 mtplx-upstream-tuned-nobuf attempt 1
10:37:13   canary 27.38104409794955 ref None slow=False
10:38:43 round 2 mt-2k fp16 mtplx-upstream-tuned-nobuf attempt 1
10:39:48   canary 30.238200834174023 ref 30.11078338318958 slow=False
10:41:18 round 2 mt-8k q8 mtplx-upstream-tuned-nobuf attempt 1
10:43:08   canary 27.571564193488527 ref 27.38104409794955 slow=False
10:44:38 plan done
16:54:20 round 1 mt-256k q8 splash-m1 attempt 1
18:23:48   canary 29.19753477940595 ref None slow=False
18:25:48 plan done
18:25:48 round 1 mt-256k q8 mtplx-fork-m1.1 attempt 1
19:35:10   canary 29.996717189939204 ref None slow=False
19:37:10 plan done
16:19:27 round 1 mt-2k fp16 mtplx-fork attempt 1
16:20:41   canary 28.018258125705064 ref None slow=False
16:22:11 round 1 mt-2k q8 mtplx-fork attempt 1
16:23:21   canary 29.080603274829503 ref None slow=False
16:24:51 round 1 mt-8k q8 mtplx-fork attempt 1
16:26:48   canary 29.00958203467262 ref 29.080603274829503 slow=False
16:28:18 round 1 mt-32k q8 mtplx-fork attempt 1
16:33:47   canary 28.858337192438995 ref 29.080603274829503 slow=False
16:35:17 round 1 mt-64k q8 mtplx-fork attempt 1
16:46:49   canary 28.911058989713812 ref 29.080603274829503 slow=False
16:48:19 round 2 mt-2k fp16 mtplx-fork attempt 1
16:49:31   canary 27.986877207135205 ref 28.018258125705064 slow=False
17:08:15 round 1 mt-2k fp16 mtplx-fork attempt 1
17:09:19   canary 29.79257186220749 ref None slow=False
17:10:49 round 1 mt-2k q8 mtplx-fork attempt 1
17:11:52   canary 30.483285790936545 ref None slow=False
17:13:22 round 1 mt-8k q8 mtplx-fork attempt 1
17:15:06   canary 30.629402260583145 ref 30.483285790936545 slow=False
17:16:36 round 1 mt-32k q8 mtplx-fork attempt 1
17:21:41   canary 30.44546905588621 ref 30.629402260583145 slow=False
17:23:11 round 1 mt-64k q8 mtplx-fork attempt 1
17:33:46   canary 30.54274058984772 ref 30.629402260583145 slow=False
17:35:16 round 2 mt-2k fp16 mtplx-fork attempt 1
17:36:22   canary 29.701795724963237 ref 29.79257186220749 slow=False
17:37:52 round 2 mt-2k q8 mtplx-fork attempt 1
17:38:53   canary 29.693112912732893 ref 30.629402260583145 slow=True
17:40:23   canary slow: resting 300 s and re-running once
17:45:24 round 2 mt-2k q8 mtplx-fork attempt 2
17:46:26   canary 29.883522209569975 ref 30.629402260583145 slow=False
17:47:56 round 2 mt-8k q8 mtplx-fork attempt 1
17:49:41   canary 29.679319051987026 ref 30.629402260583145 slow=True
17:51:11   canary slow: resting 300 s and re-running once
17:56:11 round 2 mt-8k q8 mtplx-fork attempt 2
17:57:56   canary 29.687739907837454 ref 30.629402260583145 slow=True
17:59:26   canary slow: resting 300 s and re-running once
18:04:26 round 2 mt-32k q8 mtplx-fork attempt 1
18:09:29   canary 29.879184868779333 ref 30.629402260583145 slow=False
18:10:59 round 2 mt-64k q8 mtplx-fork attempt 1
18:21:31   canary 29.71924875314506 ref 30.629402260583145 slow=False
18:23:01 plan done
18:28:01 round 1 mt-128k q8 mtplx-fork attempt 1
18:53:24   canary 29.844133434404586 ref None slow=False
18:55:24 plan done
